Open Watcom Linker Version 1.9
Portions Copyright (c) 1985-2002 Sybase, Inc. All Rights Reserved.
Created on:       16/11/19 15:36:23
Executable Image: \sys.exe
creating a DOS/32 Advanced DOS Extender (LE-style) executable


                        +------------+
                        |   Groups   |
                        +------------+

Group                           Address              Size
=====                           =======              ====

DGROUP                          0002:00000000        00010d00



                        +--------------+
                        |   Segments   |
                        +--------------+

Segment                Class          Group          Address         Size
=======                =====          =====          =======         ====

BEGTEXT                CODE           AUTO           0001:00000000   00000010
_TEXT                  CODE           AUTO           0001:00000010   00005133
_NULL                  BEGDATA        DGROUP         0002:00000000   00000004
_AFTERNULL             BEGDATA        DGROUP         0002:00000004   00000000
CONST                  DATA           DGROUP         0002:00000004   00000848
CONST2                 DATA           DGROUP         0002:0000084c   00000000
_DATA                  DATA           DGROUP         0002:0000084c   00000328
XIB                    DATA           DGROUP         0002:00000b74   00000000
XI                     DATA           DGROUP         0002:00000b74   0000001e
XIE                    DATA           DGROUP         0002:00000b92   00000000
YIB                    DATA           DGROUP         0002:00000b92   00000000
YI                     DATA           DGROUP         0002:00000b92   00000018
YIE                    DATA           DGROUP         0002:00000baa   00000000
TIB                    DATA           DGROUP         0002:00000baa   00000000
TI                     DATA           DGROUP         0002:00000baa   00000000
TIE                    DATA           DGROUP         0002:00000baa   00000000
DATA                   DATA           DGROUP         0002:00000baa   00000000
_BSS                   BSS            DGROUP         0002:00000bac   0000014a
STACK                  STACK          DGROUP         0002:00000d00   00010000


                        +----------------+
                        |   Memory Map   |
                        +----------------+

* = unreferenced symbol
+ = symbol only referenced locally

Address        Symbol
=======        ======

Module: \entry.obj(G:\entry.c)
0001:00000010+ get_sysinfo_
0001:000000b0+ BSOD_
0001:00000118+ code_data_descr_type_decode_
0001:00000248+ system_descr_type_decode_
0001:00000335+ fprint_descripor_
0001:0000049e+ fprint_desctable_
0001:00000527+ fprint_tables_
0001:000006e2+ print_info_
0001:000007df+ idt_set_gate_
0001:00000866+ pf_handler_
0001:000008be+ paging_task_
0001:000009dc+ pf_test_
0001:00000aef+ df_handler_
0001:00000b3c+ first_handler_
0001:00000bb3+ rewrite_first_exception_
0001:00000c37+ rewrite_df_exception_
0001:00000cbb+ task_1_
0001:00000cf4+ task_2_
0001:00000d32+ task_3_
0001:00000d98+ task_4_
0001:00000dc7  main_
0002:0000084c+ _MSG_NOT_ENOUGH_ARGS
0002:00000850+ _MSG_TASK
0002:00000854+ _MSG_UNKNOWN_ARG
0002:00000858+ _PF_ADDR
0002:0000085c+ _my_ptr
0002:00000860+ _incr
Module: C:\WATCOM/lib386/dos\clib3r.lib(stk)
0001:00000f4b* __STK
0001:00000f38  __CHK
0001:00000f48* __GRO
0001:00000f69* __STKOVERFLOW_
Module: C:\WATCOM/lib386/dos\clib3r.lib(fprintf.c)
0001:00000f80  fprintf_
Module: C:\WATCOM/lib386/dos\clib3r.lib(fopen.c)
0001:00000fb0+ __open_flags_
0001:000011b0+ _fsopen_
0001:00001200  fopen_
0001:00001280* freopen_
Module: C:\WATCOM/lib386/dos\clib3r.lib(printf.c)
0001:000012e0  printf_
Module: C:\WATCOM/lib386/dos\clib3r.lib(fclose.c)
0001:00001310  __doclose_
0001:00001390  __shutdown_stream_
0001:000013b0  fclose_
0002:00000bac+ ___RmTmpFileFn
Module: C:\WATCOM/lib386/dos\clib3r.lib(cstart)
0001:00000003* ___begtext
0002:00000000* __nullarea
0002:00000878* __D16Infoseg
0002:0000087a  __x386_zero_base_selector
0001:000013e0  _cstart_
0001:0000162e  __exit_
0001:00001630  __do_exit_with_msg__
0001:00001678  __GETDS
0001:00001678  ___GETDSStart_
0001:00001683  ___GETDSEnd_
Module: C:\WATCOM/lib386/dos\clib3r.lib(nmalloc.c)
0001:00001690  _nmalloc_
0001:00001690  malloc_
0002:0000087c  ___nheapbeg
0002:00000880  ___MiniHeapRover
0002:00000884  ___LargestSizeB4MiniHeapRover
Module: C:\WATCOM/lib386/dos\clib3r.lib(memset.c)
0001:00001790  memset_
Module: C:\WATCOM/lib386/dos\clib3r.lib(_strcmp)
0001:000017b0  strcmp_
Module: C:\WATCOM/lib386/dos\clib3r.lib(argcv.c)
0002:00000bb0  __argc
0002:00000bb4  __argv
0002:00000bb8  ___argc
0002:00000bbc  ___argv
Module: C:\WATCOM/lib386/dos\clib3r.lib(xmsg.c)
0001:000018f0* __exit_with_msg_
0001:00001900  __fatal_runtime_error_
Module: C:\WATCOM/lib386/dos\clib3r.lib(crwdata)
0002:000008c3  __osmajor
0002:000008c4  __osminor
0002:00000898  __psp
0002:000008ba  __Extender
0002:000008bb  __ExtenderSubtype
0002:000008bc  __X32VM
0002:0000089c* __x386_stacklow
0002:00000890  __LpCmdLine
0002:00000894  __LpPgmName
0002:00000888  __dynend
0002:0000088c  __curbrk
0002:0000089c  __STACKLOW
0002:000008a0  __STACKTOP
0002:000008a4  __ASTACKSIZ
0002:000008a8  __ASTACKPTR
0002:000008ac* __cbyte
0002:000008b0* __cbyte2
0002:000008b4  __child
0002:000008bd  __Envptr
0002:000008c1  __Envseg
0002:000008b8  __no87
0002:000008c5  ___FPE_handler
Module: C:\WATCOM/lib386/dos\clib3r.lib(fprtf.c)
0001:00001950  __fprtf_
Module: C:\WATCOM/lib386/dos\clib3r.lib(comtflag.c)
0001:000019f0* __set_commode_
0002:000008cc  __commode
Module: C:\WATCOM/lib386/dos\clib3r.lib(iob.c)
0002:000008d0  ___iob
0002:00000ad8  __fmode
0002:00000bc0  ___OpenStreams
0002:00000bc4  ___ClosedStreams
Module: C:\WATCOM/lib386/dos\clib3r.lib(seterrno.c)
0001:00001a00  __set_errno_
0001:00001a0c* __set_EDOM_
0001:00001a18* __set_ERANGE_
0001:00001a24* __set_EINVAL_
0001:00001a35  __set_doserrno_
Module: C:\WATCOM/lib386/dos\clib3r.lib(tolower.c)
0001:00001a50  tolower_
Module: C:\WATCOM/lib386/dos\clib3r.lib(open.c)
0001:00001ca0* open_
0001:00001cc0  sopen_
Module: C:\WATCOM/lib386/dos\clib3r.lib(fseek.c)
0001:00001d40  fseek_
Module: C:\WATCOM/lib386/dos\clib3r.lib(chktty.c)
0001:00001e40  __chktty_
Module: C:\WATCOM/lib386/dos\clib3r.lib(freefp.c)
0001:00001e80  __freefp_
0001:00001ec0  __purgefp_
Module: C:\WATCOM/lib386/dos\clib3r.lib(allocfp.c)
0001:00001ef0  __allocfp_
Module: C:\WATCOM/lib386/dos\clib3r.lib(__lseek.c)
0001:00001fb0  __lseek_
Module: C:\WATCOM/lib386/dos\clib3r.lib(_clse.c)
0001:00002000  __close_
Module: C:\WATCOM/lib386/dos\clib3r.lib(nfree.c)
0001:00002050  _nfree_
0001:00002050  free_
0002:00000bc8  ___MiniHeapFreeRover
Module: C:\WATCOM/lib386/dos\clib3r.lib(flush.c)
0001:00002150  __flush_
Module: C:\WATCOM/lib386/dos\clib3r.lib(cmain386.c)
0001:00002240  __CMain
Module: C:\WATCOM/lib386/dos\clib3r.lib(initrtns.c)
0001:00002290  __InitRtns
0001:000022e0  __FiniRtns
Module: C:\WATCOM/lib386/dos\clib3r.lib(dosseg)
0000:00001234  __DOSseg__
Module: C:\WATCOM/lib386/dos\clib3r.lib(uselfn.c)
0002:00000adc  ___uselfn
Module: C:\WATCOM/lib386/dos\clib3r.lib(nmemneed.c)
0001:00002340  __nmemneed_
Module: C:\WATCOM/lib386/dos\clib3r.lib(mem.c)
0001:00002350  __MemAllocator
0001:00002400  __MemFree
Module: C:\WATCOM/lib386/dos\clib3r.lib(grownear.c)
0001:000025c0+ __FreeDPMIBlocks_
0001:00002630  __ReAllocDPMIBlock_
0001:000027c0+ __LastFree_
0001:00002a30  __ExpandDGROUP_
Module: C:\WATCOM/lib386/dos\clib3r.lib(__stos)
0001:00002b80  __STOSB
0001:00002bb7* __STOSD
Module: C:\WATCOM/lib386/dos\clib3r.lib(initargv.c)
0001:00002c30  __Init_Argv_
0001:00002c80+ _getargv_
0001:00002e20  __Fini_Argv_
Module: C:\WATCOM/lib386/dos\clib3r.lib(enterdb.c)
0001:00002e30  __EnterWVIDEO_
0002:00000ae0+ ___WD_Present
Module: C:\WATCOM/lib386/dos\clib3r.lib(fputc.c)
0001:00002e60  fputc_
Module: C:\WATCOM/lib386/dos\clib3r.lib(ioalloc.c)
0001:00002f20  __ioalloc_
Module: C:\WATCOM/lib386/dos\clib3r.lib(prtf.c)
0001:00002fc0  __prtf_
Module: C:\WATCOM/lib386/dos\clib3r.lib(initfile.c)
0001:00003e30  __InitFiles_
Module: C:\WATCOM/lib386/dos\clib3r.lib(ioexit.c)
0001:00003f30* fcloseall_
0001:00003f40  __full_io_exit_
Module: C:\WATCOM/lib386/dos\clib3r.lib(errno.c)
0001:00003f50  __get_errno_ptr_
0001:00003f60  __get_doserrno_ptr_
0002:00000bd0+ _errno
0002:00000bd4+ __doserrno
Module: C:\WATCOM/lib386/dos\clib3r.lib(opendos.c)
0001:00003f70  _dos_open_
Module: C:\WATCOM/lib386/dos\clib3r.lib(iomode.c)
0001:00003f90  __GetIOMode_
0001:00003fb0  __SetIOMode_nogrow_
0002:00000ae4  ___NFiles
0002:00000ae8  ___init_mode
0002:00000b38  ___io_mode
Module: C:\WATCOM/lib386/dos\clib3r.lib(isatt.c)
0001:00003fd0  isatty_
Module: C:\WATCOM/lib386/dos\clib3r.lib(dosret.c)
0001:00003ff0  _dosretax_
0001:00004000* _dosret0_
0001:00004010  __set_errno_dos_
0001:00004090* __set_errno_dos_reterr_
Module: C:\WATCOM/lib386/dos\clib3r.lib(umaskval.c)
0002:00000b50  ___umaskval
Module: C:\WATCOM/lib386/dos\clib3r.lib(creatdos.c)
0001:000040a0  _dos_creat_
0001:000040c0* _dos_creatnew_
Module: C:\WATCOM/lib386/dos\clib3r.lib(stiomode.c)
0001:000040e0+ __grow_iomode_
0001:000041a0+ __shrink_iomode_
0001:000041d0  __SetIOMode_
Module: C:\WATCOM/lib386/dos\clib3r.lib(lseek.c)
0001:00004240  lseek_
Module: C:\WATCOM/lib386/dos\clib3r.lib(tell.c)
0001:00004270  tell_
Module: C:\WATCOM/lib386/dos\clib3r.lib(qwrit.c)
0001:00004290  __qwrite_
Module: C:\WATCOM/lib386/dos\clib3r.lib(fsync.c)
0001:00004310  fsync_
Module: C:\WATCOM/lib386/dos\clib3r.lib(cinit.c)
0001:00004320  __CommonInit_
Module: C:\WATCOM/lib386/dos\clib3r.lib(___argc.c)
0002:00000bdc  ____Argc
0002:00000be0  ____Argv
Module: C:\WATCOM/lib386/dos\clib3r.lib(exit.c)
0001:00004380+ __null_int23_exit_
0001:00004381  exit_
0001:000043ad* _exit_
0002:00000b54+ ___int23_exit
0002:00000b58+ ___FPE_handler_exit
Module: C:\WATCOM/lib386/dos\clib3r.lib(sgdef086)
0002:00000b74  __Start_XI
0002:00000b92  __End_XI
0002:00000b92  __Start_YI
0002:00000baa  __End_YI
Module: C:\WATCOM/lib386/dos\clib3r.lib(heapen.c)
0001:000043d0* _heapenable_
0002:00000b5c  ___heap_enabled
Module: C:\WATCOM/lib386/dos\clib3r.lib(minreal.c)
0002:00000be4  ___minreal
Module: C:\WATCOM/lib386/dos\clib3r.lib(amblksiz.c)
0002:00000b60  __amblksiz
Module: C:\WATCOM/lib386/dos\clib3r.lib(sbrk386.c)
0001:000043e0* sbrk_
0001:000044c0  __brk_
Module: C:\WATCOM/lib386/dos\clib3r.lib(histsplt.c)
0002:00000be8  ___historical_splitparms
Module: C:\WATCOM/lib386/dos\clib3r.lib(wctomb.c)
0001:000045e0  wctomb_
Module: C:\WATCOM/lib386/dos\clib3r.lib(itoa.c)
0001:00004610+ utoa_
0001:00004660  itoa_
Module: C:\WATCOM/lib386/dos\clib3r.lib(strupr.c)
0001:00004690  strupr_
Module: C:\WATCOM/lib386/dos\clib3r.lib(noefgfmt.c)
0002:00000b64  ___EFG_printf
0002:00000b68* ___EFG_scanf
Module: C:\WATCOM/lib386/dos\clib3r.lib(lltoa.c)
0001:000046d0  ulltoa_
0001:00004740* lltoa_
Module: C:\WATCOM/lib386/dos\clib3r.lib(ltoa.c)
0001:00004770  ultoa_
0001:000047c0* ltoa_
Module: C:\WATCOM/lib386/dos\clib3r.lib(mbisdbcs.c)
0002:00000bec  ___IsDBCS
Module: C:\WATCOM/lib386/dos\clib3r.lib(mbislead.c)
0001:000047f0* _ismbblead_
0002:00000bf0  ___MBCSIsTable
Module: C:\WATCOM/lib386/dos\clib3r.lib(doserror)
0001:00004808  __doserror_
Module: C:\WATCOM/lib386/dos\clib3r.lib(nrealloc.c)
0001:00004820* _nrealloc_
0001:00004820  realloc_
Module: C:\WATCOM/lib386/dos\clib3r.lib(iomodtty.c)
0001:000048c0  __ChkTTYIOMode_
0001:00004900* __IOMode_
Module: C:\WATCOM/lib386/dos\clib3r.lib(filedos.c)
0001:00004920* _dos_close_
0001:00004930  _dos_commit_
Module: C:\WATCOM/lib386/dos\clib3r.lib(dpmihost.c)
0001:00004940  __DPMI_hosted_
Module: C:\WATCOM/lib386/dos\clib3r.lib(alphabet.c)
0002:000007d4  ___Alphabet
Module: C:\WATCOM/lib386/dos\clib3r.lib(mbinit.c)
0001:00004a1a  __mbinit_
0001:00004aeb+ dos_get_dbcs_lead_table_
0001:00004bdf+ dos_get_code_page_
0002:00000b70+ ___MBCodePage
Module: C:\WATCOM/lib386/dos\clib3r.lib(nmsize.c)
0001:00004d80  _nmsize_
0001:00004d80* _msize_
Module: C:\WATCOM/lib386/dos\clib3r.lib(nexpand.c)
0001:00004d90  _nexpand_
0001:00004d90* _expand_
0001:00004e00+ __HeapManager_expand_
Module: C:\WATCOM/lib386/dos\clib3r.lib(intdx386.c)
0001:00004fd0  intdosx_
Module: C:\WATCOM/lib386/dos\clib3r.lib(inirmsel.c)
0002:00000cf4  __ExtenderRealModeSelector


                        +----------------------+
                        |   Imported Symbols   |
                        +----------------------+

Symbol                              Module
======                              ======



                        +--------------------+
                        |   Libraries Used   |
                        +--------------------+

C:\WATCOM/lib386/dos\clib3r.lib


                        +-----------------------+
                        |   Linker Statistics   |
                        +-----------------------+

Stack size:  00010000 (65536.)
Memory size:  00015e43 (89667.)
Entry point address: 0001:000013e0
Link time: 00:01.04
